
*** Running vivado
    with args -log AddSubtractTop.vds -m64 -product Vivado -mode batch -messageDb vivado.pb -notrace -source AddSubtractTop.tcl


INFO: [Common 17-3922] A valid Vivado Design Suite BASIC license has been detected. Your current license is active and will expire on 09-sep-2027.
#-----------------------------------------------------------
# Vivado v2026.1 (64-bit)
# SW Build 6511674 on Tue Jun 16 11:02:23 MDT 2026
# IP Build 6504888 on Tue Jun 09 09:05:25 MDT 2026
# SharedData Build 6501428 on Mon Jun 08 17:34:18 MDT 2026
# Start of session at: Tue Oct  6 12:26:09 2026
# Process ID         : 31044
# Current directory  : C:/Users/Dawson/Desktop/School/ECE2700/Lab5/Lab5Repository/AddSubtract/AddSubtract.runs/synth_1
# Command line       : vivado.exe -log AddSubtractTop.vds -product Vivado -mode batch -messageDb vivado.pb -notrace -source AddSubtractTop.tcl
# Log file           : C:/Users/Dawson/Desktop/School/ECE2700/Lab5/Lab5Repository/AddSubtract/AddSubtract.runs/synth_1/AddSubtractTop.vds
# Journal file       : C:/Users/Dawson/Desktop/School/ECE2700/Lab5/Lab5Repository/AddSubtract/AddSubtract.runs/synth_1\vivado.jou
# Running On         : PC
# Platform           : Windows 11
# Operating System   : 26200
# Processor Detail   : AMD Ryzen 5 5500                               
# CPU Frequency      : 3593 MHz
# CPU Physical cores : 6
# CPU Logical cores  : 12
# Host memory        : 34227 MB
# Swap memory        : 51539 MB
# Total Virtual      : 85767 MB
# Available Virtual  : 54040 MB
#-----------------------------------------------------------

****** Vivado v2026.1 (64-bit)
  **** SW Build 6511674 on Tue Jun 16 11:02:23 MDT 2026
  **** IP Build 6504888 on Tue Jun 09 09:05:25 MDT 2026
  **** SharedData Build 6501428 on Mon Jun 08 17:34:18 MDT 2026
  **** Start of session at: Tue Oct  6 12:26:09 2026
    ** Copyright 1986-2022 Xilinx, Inc. All Rights Reserved.
    ** Copyright 2022-2026 Advanced Micro Devices, Inc. All Rights Reserved.

source AddSubtractTop.tcl -notrace
create_project: Time (s): cpu = 00:00:08 ; elapsed = 00:00:06 . Memory (MB): peak = 582.531 ; gain = 267.512
Command: synth_design -top AddSubtractTop -part xc7a35tcpg236-1
Starting synth_design
Attempting to get a license for feature 'Vivado_Synthesis' and/or device 'xc7a35t'
INFO: [Common 17-349] Got license for feature 'Vivado_Synthesis' and/or device 'xc7a35t'
INFO: [Device 21-403] Loading part xc7a35tcpg236-1
INFO: [Designutils 20-5008] Incremental synthesis strategy default
INFO: [Synth 8-7079] Multithreading enabled for synth_design using a maximum of 2 processes.
INFO: [Synth 8-7078] Launching helper process for spawning children vivado processes
INFO: [Synth 8-7075] Helper process launched with PID 25180
---------------------------------------------------------------------------------
Starting RTL Elaboration : Time (s): cpu = 00:00:06 ; elapsed = 00:00:06 . Memory (MB): peak = 1349.453 ; gain = 578.121
---------------------------------------------------------------------------------
INFO: [Synth 8-6157] synthesizing module 'AddSubtractTop' [C:/Users/Dawson/Desktop/School/ECE2700/Lab5/Lab5Repository/AddSubtract/AddSubtract.srcs/sources_1/new/AddSubtractTop.v:23]
INFO: [Synth 8-6157] synthesizing module 'AddSubtract4Bit' [C:/Users/Dawson/Desktop/School/ECE2700/Lab5/Lab5Repository/AddSubtract/AddSubtract.srcs/sources_1/new/AddSubtract4Bit.v:23]
INFO: [Synth 8-6155] done synthesizing module 'AddSubtract4Bit' (0#1) [C:/Users/Dawson/Desktop/School/ECE2700/Lab5/Lab5Repository/AddSubtract/AddSubtract.srcs/sources_1/new/AddSubtract4Bit.v:23]
INFO: [Synth 8-6155] done synthesizing module 'AddSubtractTop' (0#1) [C:/Users/Dawson/Desktop/School/ECE2700/Lab5/Lab5Repository/AddSubtract/AddSubtract.srcs/sources_1/new/AddSubtractTop.v:23]
WARNING: [Synth 8-3917] design AddSubtractTop has port an[3] driven by constant 1
WARNING: [Synth 8-3917] design AddSubtractTop has port an[2] driven by constant 1
WARNING: [Synth 8-3917] design AddSubtractTop has port an[1] driven by constant 1
WARNING: [Synth 8-3917] design AddSubtractTop has port an[0] driven by constant 1
WARNING: [Synth 8-3917] design AddSubtractTop has port seg[6] driven by constant 1
WARNING: [Synth 8-3917] design AddSubtractTop has port seg[5] driven by constant 1
WARNING: [Synth 8-3917] design AddSubtractTop has port seg[4] driven by constant 1
WARNING: [Synth 8-3917] design AddSubtractTop has port seg[3] driven by constant 1
WARNING: [Synth 8-3917] design AddSubtractTop has port seg[2] driven by constant 1
WARNING: [Synth 8-3917] design AddSubtractTop has port seg[1] driven by constant 1
WARNING: [Synth 8-3917] design AddSubtractTop has port seg[0] driven by constant 1
WARNING: [Synth 8-3917] design AddSubtractTop has port led[15] driven by constant 0
WARNING: [Synth 8-3917] design AddSubtractTop has port led[14] driven by constant 0
WARNING: [Synth 8-3917] design AddSubtractTop has port led[13] driven by constant 0
WARNING: [Synth 8-3917] design AddSubtractTop has port led[12] driven by constant 0
WARNING: [Synth 8-3917] design AddSubtractTop has port led[11] driven by constant 0
WARNING: [Synth 8-3917] design AddSubtractTop has port led[10] driven by constant 0
WARNING: [Synth 8-3917] design AddSubtractTop has port led[9] driven by constant 0
WARNING: [Synth 8-3917] design AddSubtractTop has port led[8] driven by constant 0
WARNING: [Synth 8-3917] design AddSubtractTop has port led[7] driven by constant 0
WARNING: [Synth 8-3917] design AddSubtractTop has port led[6] driven by constant 0
WARNING: [Synth 8-7129] Port btn[4] in module AddSubtractTop is either unconnected or has no load
WARNING: [Synth 8-7129] Port btn[3] in module AddSubtractTop is either unconnected or has no load
WARNING: [Synth 8-7129] Port btn[2] in module AddSubtractTop is either unconnected or has no load
WARNING: [Synth 8-7129] Port btn[1] in module AddSubtractTop is either unconnected or has no load
WARNING: [Synth 8-7129] Port btn[0] in module AddSubtractTop is either unconnected or has no load
---------------------------------------------------------------------------------
Finished RTL Elaboration : Time (s): cpu = 00:00:08 ; elapsed = 00:00:08 . Memory (MB): peak = 1468.137 ; gain = 696.805
---------------------------------------------------------------------------------
---------------------------------------------------------------------------------
Start Handling Custom Attributes
---------------------------------------------------------------------------------
---------------------------------------------------------------------------------
Finished Handling Custom Attributes : Time (s): cpu = 00:00:08 ; elapsed = 00:00:08 . Memory (MB): peak = 1468.137 ; gain = 696.805
---------------------------------------------------------------------------------
---------------------------------------------------------------------------------
Finished RTL Optimization Phase 1 : Time (s): cpu = 00:00:08 ; elapsed = 00:00:08 . Memory (MB): peak = 1468.137 ; gain = 696.805
---------------------------------------------------------------------------------
Netlist sorting complete. Time (s): cpu = 00:00:00 ; elapsed = 00:00:00 . Memory (MB): peak = 1468.137 ; gain = 0.000
INFO: [Project 1-570] Preparing netlist for logic optimization

Processing XDC Constraints
Initializing timing engine
Parsing XDC File [C:/Users/Dawson/Desktop/School/ECE2700/Lab5/Lab5Repository/AddSubtract/AddSubtract.srcs/constrs_1/imports/Lab5/Basys3 Lab5 Contraints.xdc]
Finished Parsing XDC File [C:/Users/Dawson/Desktop/School/ECE2700/Lab5/Lab5Repository/AddSubtract/AddSubtract.srcs/constrs_1/imports/Lab5/Basys3 Lab5 Contraints.xdc]
INFO: [Project 1-236] Implementation specific constraints were found while reading constraint file [C:/Users/Dawson/Desktop/School/ECE2700/Lab5/Lab5Repository/AddSubtract/AddSubtract.srcs/constrs_1/imports/Lab5/Basys3 Lab5 Contraints.xdc]. These constraints will be ignored for synthesis but will be used in implementation. Impacted constraints are listed in the file [.Xil/AddSubtractTop_propImpl.xdc].
Resolution: To avoid this warning, move constraints listed in [.Xil/AddSubtractTop_propImpl.xdc] to another XDC file and exclude this new file from synthesis with the used_in_synthesis property (File Properties dialog in GUI) and re-run elaboration/synthesis.
Completed Processing XDC Constraints

Netlist sorting complete. Time (s): cpu = 00:00:00 ; elapsed = 00:00:00 . Memory (MB): peak = 1476.984 ; gain = 0.000
INFO: [Project 1-111] Unisim Transformation Summary:
No Unisim elements were transformed.

Constraint Validation Runtime : Time (s): cpu = 00:00:00 ; elapsed = 00:00:00.003 . Memory (MB): peak = 1477.051 ; gain = 0.000
---------------------------------------------------------------------------------
Finished Constraint Validation : Time (s): cpu = 00:00:16 ; elapsed = 00:00:17 . Memory (MB): peak = 1477.051 ; gain = 705.719
---------------------------------------------------------------------------------
---------------------------------------------------------------------------------
Start Loading Part and Timing Information
---------------------------------------------------------------------------------
Loading part: xc7a35tcpg236-1
---------------------------------------------------------------------------------
Finished Loading Part and Timing Information : Time (s): cpu = 00:00:16 ; elapsed = 00:00:17 . Memory (MB): peak = 1477.051 ; gain = 705.719
---------------------------------------------------------------------------------
---------------------------------------------------------------------------------
Start Applying 'set_property' XDC Constraints
---------------------------------------------------------------------------------
---------------------------------------------------------------------------------
Finished applying 'set_property' XDC Constraints : Time (s): cpu = 00:00:16 ; elapsed = 00:00:17 . Memory (MB): peak = 1477.051 ; gain = 705.719
---------------------------------------------------------------------------------
---------------------------------------------------------------------------------
Finished RTL Optimization Phase 2 : Time (s): cpu = 00:00:16 ; elapsed = 00:00:17 . Memory (MB): peak = 1477.051 ; gain = 705.719
---------------------------------------------------------------------------------
---------------------------------------------------------------------------------
Start RTL Component Statistics 
---------------------------------------------------------------------------------
Detailed RTL Component Info : 
+---Adders : 
	   3 Input    5 Bit       Adders := 1     
+---XORs : 
	   2 Input      4 Bit         XORs := 1     
	   2 Input      1 Bit         XORs := 2     
---------------------------------------------------------------------------------
Finished RTL Component Statistics 
---------------------------------------------------------------------------------
---------------------------------------------------------------------------------
Start Part Resource Summary
---------------------------------------------------------------------------------
Part Resources:
DSPs: 90 (col length:60)
BRAMs: 100 (col length: RAMB18 60 RAMB36 30)
---------------------------------------------------------------------------------
Finished Part Resource Summary
---------------------------------------------------------------------------------
---------------------------------------------------------------------------------
Start Cross Boundary and Area Optimization
---------------------------------------------------------------------------------
WARNING: [Synth 8-3917] design AddSubtractTop has port an[3] driven by constant 1
WARNING: [Synth 8-3917] design AddSubtractTop has port an[2] driven by constant 1
WARNING: [Synth 8-3917] design AddSubtractTop has port an[1] driven by constant 1
WARNING: [Synth 8-3917] design AddSubtractTop has port an[0] driven by constant 1
WARNING: [Synth 8-3917] design AddSubtractTop has port seg[6] driven by constant 1
WARNING: [Synth 8-3917] design AddSubtractTop has port seg[5] driven by constant 1
WARNING: [Synth 8-3917] design AddSubtractTop has port seg[4] driven by constant 1
WARNING: [Synth 8-3917] design AddSubtractTop has port seg[3] driven by constant 1
WARNING: [Synth 8-3917] design AddSubtractTop has port seg[2] driven by constant 1
WARNING: [Synth 8-3917] design AddSubtractTop has port seg[1] driven by constant 1
WARNING: [Synth 8-3917] design AddSubtractTop has port seg[0] driven by constant 1
WARNING: [Synth 8-3917] design AddSubtractTop has port led[15] driven by constant 0
WARNING: [Synth 8-3917] design AddSubtractTop has port led[14] driven by constant 0
WARNING: [Synth 8-3917] design AddSubtractTop has port led[13] driven by constant 0
WARNING: [Synth 8-3917] design AddSubtractTop has port led[12] driven by constant 0
WARNING: [Synth 8-3917] design AddSubtractTop has port led[11] driven by constant 0
WARNING: [Synth 8-3917] design AddSubtractTop has port led[10] driven by constant 0
WARNING: [Synth 8-3917] design AddSubtractTop has port led[9] driven by constant 0
WARNING: [Synth 8-3917] design AddSubtractTop has port led[8] driven by constant 0
WARNING: [Synth 8-3917] design AddSubtractTop has port led[7] driven by constant 0
WARNING: [Synth 8-3917] design AddSubtractTop has port led[6] driven by constant 0
WARNING: [Synth 8-7129] Port btn[4] in module AddSubtractTop is either unconnected or has no load
WARNING: [Synth 8-7129] Port btn[3] in module AddSubtractTop is either unconnected or has no load
WARNING: [Synth 8-7129] Port btn[2] in module AddSubtractTop is either unconnected or has no load
WARNING: [Synth 8-7129] Port btn[1] in module AddSubtractTop is either unconnected or has no load
WARNING: [Synth 8-7129] Port btn[0] in module AddSubtractTop is either unconnected or has no load
---------------------------------------------------------------------------------
Finished Cross Boundary and Area Optimization : Time (s): cpu = 00:00:19 ; elapsed = 00:00:20 . Memory (MB): peak = 1534.547 ; gain = 763.215
---------------------------------------------------------------------------------
---------------------------------------------------------------------------------
Start Applying XDC Timing Constraints
---------------------------------------------------------------------------------
---------------------------------------------------------------------------------
Finished Applying XDC Timing Constraints : Time (s): cpu = 00:00:24 ; elapsed = 00:00:25 . Memory (MB): peak = 1679.785 ; gain = 908.453
---------------------------------------------------------------------------------
---------------------------------------------------------------------------------
Start Timing Optimization
---------------------------------------------------------------------------------
---------------------------------------------------------------------------------
Finished Timing Optimization : Time (s): cpu = 00:00:24 ; elapsed = 00:00:25 . Memory (MB): peak = 1679.785 ; gain = 908.453
---------------------------------------------------------------------------------
---------------------------------------------------------------------------------
Start Technology Mapping
---------------------------------------------------------------------------------
---------------------------------------------------------------------------------
Finished Technology Mapping : Time (s): cpu = 00:00:24 ; elapsed = 00:00:26 . Memory (MB): peak = 1689.555 ; gain = 918.223
---------------------------------------------------------------------------------
---------------------------------------------------------------------------------
Start IO Insertion
---------------------------------------------------------------------------------
---------------------------------------------------------------------------------
Start Flattening Before IO Insertion
---------------------------------------------------------------------------------
---------------------------------------------------------------------------------
Finished Flattening Before IO Insertion
---------------------------------------------------------------------------------
---------------------------------------------------------------------------------
Start Final Netlist Cleanup
---------------------------------------------------------------------------------
---------------------------------------------------------------------------------
Finished Final Netlist Cleanup
---------------------------------------------------------------------------------
---------------------------------------------------------------------------------
Finished IO Insertion : Time (s): cpu = 00:00:29 ; elapsed = 00:00:30 . Memory (MB): peak = 1964.957 ; gain = 1193.625
---------------------------------------------------------------------------------
---------------------------------------------------------------------------------
Start Renaming Generated Instances
---------------------------------------------------------------------------------
---------------------------------------------------------------------------------
Finished Renaming Generated Instances : Time (s): cpu = 00:00:29 ; elapsed = 00:00:30 . Memory (MB): peak = 1964.957 ; gain = 1193.625
---------------------------------------------------------------------------------
---------------------------------------------------------------------------------
Start Rebuilding User Hierarchy
---------------------------------------------------------------------------------
---------------------------------------------------------------------------------
Finished Rebuilding User Hierarchy : Time (s): cpu = 00:00:29 ; elapsed = 00:00:30 . Memory (MB): peak = 1964.957 ; gain = 1193.625
---------------------------------------------------------------------------------
---------------------------------------------------------------------------------
Start Renaming Generated Ports
---------------------------------------------------------------------------------
---------------------------------------------------------------------------------
Finished Renaming Generated Ports : Time (s): cpu = 00:00:29 ; elapsed = 00:00:30 . Memory (MB): peak = 1964.957 ; gain = 1193.625
---------------------------------------------------------------------------------
---------------------------------------------------------------------------------
Start Handling Custom Attributes
---------------------------------------------------------------------------------
---------------------------------------------------------------------------------
Finished Handling Custom Attributes : Time (s): cpu = 00:00:29 ; elapsed = 00:00:30 . Memory (MB): peak = 1964.957 ; gain = 1193.625
---------------------------------------------------------------------------------
---------------------------------------------------------------------------------
Start Renaming Generated Nets
---------------------------------------------------------------------------------
---------------------------------------------------------------------------------
Finished Renaming Generated Nets : Time (s): cpu = 00:00:29 ; elapsed = 00:00:30 . Memory (MB): peak = 1964.957 ; gain = 1193.625
---------------------------------------------------------------------------------
---------------------------------------------------------------------------------
Start Writing Synthesis Report
---------------------------------------------------------------------------------

Report BlackBoxes: 
+-+--------------+----------+
| |BlackBox name |Instances |
+-+--------------+----------+
+-+--------------+----------+

Report Cell Usage: 
+------+-----+------+
|      |Cell |Count |
+------+-----+------+
|1     |LUT2 |     1|
|2     |LUT4 |     1|
|3     |LUT5 |     2|
|4     |LUT6 |     3|
|5     |IBUF |     9|
|6     |OBUF |    27|
+------+-----+------+
---------------------------------------------------------------------------------
Finished Writing Synthesis Report : Time (s): cpu = 00:00:29 ; elapsed = 00:00:30 . Memory (MB): peak = 1964.957 ; gain = 1193.625
---------------------------------------------------------------------------------
Synthesis finished with 0 errors, 0 critical warnings and 26 warnings.
Synthesis Optimization Runtime : Time (s): cpu = 00:00:19 ; elapsed = 00:00:29 . Memory (MB): peak = 1964.957 ; gain = 1184.711
Synthesis Optimization Complete : Time (s): cpu = 00:00:29 ; elapsed = 00:00:31 . Memory (MB): peak = 1964.957 ; gain = 1193.625
INFO: [Project 1-571] Translating synthesized netlist
Netlist sorting complete. Time (s): cpu = 00:00:00 ; elapsed = 00:00:00 . Memory (MB): peak = 1974.102 ; gain = 0.000
INFO: [Project 1-570] Preparing netlist for logic optimization
INFO: [Opt 31-138] Pushed 0 inverter(s) to 0 load pin(s).
Netlist sorting complete. Time (s): cpu = 00:00:00 ; elapsed = 00:00:00 . Memory (MB): peak = 1977.812 ; gain = 0.000
INFO: [Project 1-111] Unisim Transformation Summary:
No Unisim elements were transformed.

Synth Design complete | Checksum: b857e21b
INFO: [Common 17-83] Releasing license: Vivado_Synthesis
18 Infos, 52 Warnings, 0 Critical Warnings and 0 Errors encountered.
synth_design completed successfully
synth_design: Time (s): cpu = 00:00:33 ; elapsed = 00:00:37 . Memory (MB): peak = 1977.816 ; gain = 1395.285
Write ShapeDB Complete: Time (s): cpu = 00:00:00 ; elapsed = 00:00:00.001 . Memory (MB): peak = 1977.816 ; gain = 0.000
INFO: [Common 17-1381] The checkpoint 'C:/Users/Dawson/Desktop/School/ECE2700/Lab5/Lab5Repository/AddSubtract/AddSubtract.runs/synth_1/AddSubtractTop.dcp' has been generated.
INFO: [Vivado 12-24828] Executing command : report_utilization -file AddSubtractTop_utilization_synth.rpt -pb AddSubtractTop_utilization_synth.pb
INFO: [Common 17-206] Exiting Vivado at Tue Oct  6 12:26:56 2026...
